

11.06.2015 13:44
Commit: 2d520ab Merge branch 'more-course-parameters' into integration
----------------

Deprecation Warnings:

Using `stub` from rspec-mocks' old `:should` syntax without explicitly enabling the syntax is deprecated. Use the new `:expect` syntax or explicitly enable `:should` instead. Called from /home/tmc/tmc-server/spec/support/remote_sandbox_for_testing.rb:38:in `init_stubs!'.


If you need more of the backtrace for any of these deprecations to
identify where to make the necessary changes, you can configure
`config.raise_errors_for_deprecations!`, and it will turn the
deprecation warnings into errors, giving you the full backtrace.


11.06.2015 15:27
Commit: 05577db test fixes
----------------
PhantomJS has crashed. Please read the crash reporting guide at https://github.com/ariya/phantomjs/wiki/Crash-Reporting and file a bug report at https://github.com/ariya/phantomjs/issues/new with the crash dump file attached: /tmp/6a70100c-29d8-0e26-728df0ff-5b8bcafc.dmp
PhantomJS has crashed. Please read the crash reporting guide at https://github.com/ariya/phantomjs/wiki/Crash-Reporting and file a bug report at https://github.com/ariya/phantomjs/issues/new with the crash dump file attached: /tmp/2d3b5d0c-69b0-ce52-426faddf-07a187c6.dmp

Deprecation Warnings:

Using `stub` from rspec-mocks' old `:should` syntax without explicitly enabling the syntax is deprecated. Use the new `:expect` syntax or explicitly enable `:should` instead. Called from /home/tmc/tmc-server/spec/support/remote_sandbox_for_testing.rb:38:in `init_stubs!'.


If you need more of the backtrace for any of these deprecations to
identify where to make the necessary changes, you can configure
`config.raise_errors_for_deprecations!`, and it will turn the
deprecation warnings into errors, giving you the full backtrace.


12.06.2015 12:03
Commit: 05577db test fixes
----------------
PhantomJS has crashed. Please read the crash reporting guide at https://github.com/ariya/phantomjs/wiki/Crash-Reporting and file a bug report at https://github.com/ariya/phantomjs/issues/new with the crash dump file attached: /tmp/46423b0c-7ba9-38a7-1e6fbd72-32558a08.dmp
PhantomJS has crashed. Please read the crash reporting guide at https://github.com/ariya/phantomjs/wiki/Crash-Reporting and file a bug report at https://github.com/ariya/phantomjs/issues/new with the crash dump file attached: /tmp/48cb80fe-c877-5fdc-4c33f9b1-7c431597.dmp

Deprecation Warnings:

Using `stub` from rspec-mocks' old `:should` syntax without explicitly enabling the syntax is deprecated. Use the new `:expect` syntax or explicitly enable `:should` instead. Called from /home/tmc/tmc-server/spec/support/remote_sandbox_for_testing.rb:38:in `init_stubs!'.


If you need more of the backtrace for any of these deprecations to
identify where to make the necessary changes, you can configure
`config.raise_errors_for_deprecations!`, and it will turn the
deprecation warnings into errors, giving you the full backtrace.


12.06.2015 12:52
Commit: 05577db test fixes
----------------

Exiting... Interrupt again to exit immediately.

Deprecation Warnings:

Using `stub` from rspec-mocks' old `:should` syntax without explicitly enabling the syntax is deprecated. Use the new `:expect` syntax or explicitly enable `:should` instead. Called from /home/tmc/tmc-server/spec/support/remote_sandbox_for_testing.rb:38:in `init_stubs!'.


If you need more of the backtrace for any of these deprecations to
identify where to make the necessary changes, you can configure
`config.raise_errors_for_deprecations!`, and it will turn the
deprecation warnings into errors, giving you the full backtrace.
/home/tmc/tmc-server/spec/support/root_helper.rb:38:in `write': Broken pipe (Errno::EPIPE)
	from /home/tmc/tmc-server/spec/support/root_helper.rb:38:in `stop'
	from /home/tmc/tmc-server/spec/support/remote_sandbox_for_testing.rb:44:in `cleanup_after_all_tests!'
	from /home/tmc/tmc-server/spec/support/remote_sandbox_for_testing.rb:101:in `block (2 levels) in <top (required)>'
	from /usr/local/rvm/gems/ruby-2.2.0/gems/rspec-core-3.1.7/lib/rspec/core/example.rb:315:in `instance_exec'
	from /usr/local/rvm/gems/ruby-2.2.0/gems/rspec-core-3.1.7/lib/rspec/core/example.rb:315:in `instance_exec_with_rescue'
	from /usr/local/rvm/gems/ruby-2.2.0/gems/rspec-core-3.1.7/lib/rspec/core/hooks.rb:357:in `run'
	from /usr/local/rvm/gems/ruby-2.2.0/gems/rspec-core-3.1.7/lib/rspec/core/hooks.rb:427:in `block in run'
	from /usr/local/rvm/gems/ruby-2.2.0/gems/rspec-core-3.1.7/lib/rspec/core/hooks.rb:427:in `each'
	from /usr/local/rvm/gems/ruby-2.2.0/gems/rspec-core-3.1.7/lib/rspec/core/hooks.rb:427:in `run'
	from /usr/local/rvm/gems/ruby-2.2.0/gems/rspec-core-3.1.7/lib/rspec/core/hooks.rb:500:in `run'
	from /usr/local/rvm/gems/ruby-2.2.0/gems/rspec-core-3.1.7/lib/rspec/core/runner.rb:113:in `block in run_specs'
	from /usr/local/rvm/gems/ruby-2.2.0/gems/rspec-core-3.1.7/lib/rspec/core/reporter.rb:53:in `report'
	from /usr/local/rvm/gems/ruby-2.2.0/gems/rspec-core-3.1.7/lib/rspec/core/runner.rb:107:in `run_specs'
	from /usr/local/rvm/gems/ruby-2.2.0/gems/rspec-core-3.1.7/lib/rspec/core/runner.rb:85:in `run'
	from /usr/local/rvm/gems/ruby-2.2.0/gems/rspec-core-3.1.7/lib/rspec/core/runner.rb:69:in `run'
	from /usr/local/rvm/gems/ruby-2.2.0/gems/rspec-core-3.1.7/lib/rspec/core/runner.rb:37:in `invoke'
	from /usr/local/rvm/gems/ruby-2.2.0/gems/rspec-core-3.1.7/exe/rspec:4:in `<top (required)>'
	from /usr/local/rvm/gems/ruby-2.2.0/bin/rspec:23:in `load'
	from /usr/local/rvm/gems/ruby-2.2.0/bin/rspec:23:in `<main>'
	from /usr/local/rvm/gems/ruby-2.2.0/bin/ruby_executable_hooks:15:in `eval'
	from /usr/local/rvm/gems/ruby-2.2.0/bin/ruby_executable_hooks:15:in `<main>'


12.06.2015 13:07
Commit: 05577db test fixes
----------------

Exiting... Interrupt again to exit immediately.

Deprecation Warnings:

Using `stub` from rspec-mocks' old `:should` syntax without explicitly enabling the syntax is deprecated. Use the new `:expect` syntax or explicitly enable `:should` instead. Called from /home/tmc/tmc-server/spec/support/remote_sandbox_for_testing.rb:38:in `init_stubs!'.


If you need more of the backtrace for any of these deprecations to
identify where to make the necessary changes, you can configure
`config.raise_errors_for_deprecations!`, and it will turn the
deprecation warnings into errors, giving you the full backtrace.
/home/tmc/tmc-server/spec/support/root_helper.rb:38:in `write': Broken pipe (Errno::EPIPE)
	from /home/tmc/tmc-server/spec/support/root_helper.rb:38:in `stop'
	from /home/tmc/tmc-server/spec/support/remote_sandbox_for_testing.rb:44:in `cleanup_after_all_tests!'
	from /home/tmc/tmc-server/spec/support/remote_sandbox_for_testing.rb:101:in `block (2 levels) in <top (required)>'
	from /usr/local/rvm/gems/ruby-2.2.0/gems/rspec-core-3.1.7/lib/rspec/core/example.rb:315:in `instance_exec'
	from /usr/local/rvm/gems/ruby-2.2.0/gems/rspec-core-3.1.7/lib/rspec/core/example.rb:315:in `instance_exec_with_rescue'
	from /usr/local/rvm/gems/ruby-2.2.0/gems/rspec-core-3.1.7/lib/rspec/core/hooks.rb:357:in `run'
	from /usr/local/rvm/gems/ruby-2.2.0/gems/rspec-core-3.1.7/lib/rspec/core/hooks.rb:427:in `block in run'
	from /usr/local/rvm/gems/ruby-2.2.0/gems/rspec-core-3.1.7/lib/rspec/core/hooks.rb:427:in `each'
	from /usr/local/rvm/gems/ruby-2.2.0/gems/rspec-core-3.1.7/lib/rspec/core/hooks.rb:427:in `run'
	from /usr/local/rvm/gems/ruby-2.2.0/gems/rspec-core-3.1.7/lib/rspec/core/hooks.rb:500:in `run'
	from /usr/local/rvm/gems/ruby-2.2.0/gems/rspec-core-3.1.7/lib/rspec/core/runner.rb:113:in `block in run_specs'
	from /usr/local/rvm/gems/ruby-2.2.0/gems/rspec-core-3.1.7/lib/rspec/core/reporter.rb:53:in `report'
	from /usr/local/rvm/gems/ruby-2.2.0/gems/rspec-core-3.1.7/lib/rspec/core/runner.rb:107:in `run_specs'
	from /usr/local/rvm/gems/ruby-2.2.0/gems/rspec-core-3.1.7/lib/rspec/core/runner.rb:85:in `run'
	from /usr/local/rvm/gems/ruby-2.2.0/gems/rspec-core-3.1.7/lib/rspec/core/runner.rb:69:in `run'
	from /usr/local/rvm/gems/ruby-2.2.0/gems/rspec-core-3.1.7/lib/rspec/core/runner.rb:37:in `invoke'
	from /usr/local/rvm/gems/ruby-2.2.0/gems/rspec-core-3.1.7/exe/rspec:4:in `<top (required)>'
	from /usr/local/rvm/gems/ruby-2.2.0/bin/rspec:23:in `load'
	from /usr/local/rvm/gems/ruby-2.2.0/bin/rspec:23:in `<main>'
	from /usr/local/rvm/gems/ruby-2.2.0/bin/ruby_executable_hooks:15:in `eval'
	from /usr/local/rvm/gems/ruby-2.2.0/bin/ruby_executable_hooks:15:in `<main>'


12.06.2015 14:04
Commit: ec1befd fixed private methods
----------------
PhantomJS has crashed. Please read the crash reporting guide at https://github.com/ariya/phantomjs/wiki/Crash-Reporting and file a bug report at https://github.com/ariya/phantomjs/issues/new with the crash dump file attached: /tmp/438db57d-0fd2-c728-33a46055-40f3f240.dmp

Deprecation Warnings:

Using `stub` from rspec-mocks' old `:should` syntax without explicitly enabling the syntax is deprecated. Use the new `:expect` syntax or explicitly enable `:should` instead. Called from /home/tmc/tmc-server/spec/support/remote_sandbox_for_testing.rb:38:in `init_stubs!'.


If you need more of the backtrace for any of these deprecations to
identify where to make the necessary changes, you can configure
`config.raise_errors_for_deprecations!`, and it will turn the
deprecation warnings into errors, giving you the full backtrace.


12.06.2015 16:06
Commit: a2aa89b Merge branch 'disable-exercises' into integration
----------------
PhantomJS has crashed. Please read the crash reporting guide at https://github.com/ariya/phantomjs/wiki/Crash-Reporting and file a bug report at https://github.com/ariya/phantomjs/issues/new with the crash dump file attached: /tmp/3fe69e2e-455b-718a-443abb9c-500014a7.dmp

Deprecation Warnings:

Using `stub` from rspec-mocks' old `:should` syntax without explicitly enabling the syntax is deprecated. Use the new `:expect` syntax or explicitly enable `:should` instead. Called from /home/tmc/tmc-server/spec/support/remote_sandbox_for_testing.rb:38:in `init_stubs!'.


If you need more of the backtrace for any of these deprecations to
identify where to make the necessary changes, you can configure
`config.raise_errors_for_deprecations!`, and it will turn the
deprecation warnings into errors, giving you the full backtrace.


12.06.2015 16:50
Commit: d9f73f2 Merge branch 'course-assistants' into integration
----------------
PhantomJS has crashed. Please read the crash reporting guide at https://github.com/ariya/phantomjs/wiki/Crash-Reporting and file a bug report at https://github.com/ariya/phantomjs/issues/new with the crash dump file attached: /tmp/27946462-2f97-639f-40ad5d62-5c8accee.dmp

Deprecation Warnings:

Using `stub` from rspec-mocks' old `:should` syntax without explicitly enabling the syntax is deprecated. Use the new `:expect` syntax or explicitly enable `:should` instead. Called from /home/tmc/tmc-server/spec/support/remote_sandbox_for_testing.rb:38:in `init_stubs!'.


If you need more of the backtrace for any of these deprecations to
identify where to make the necessary changes, you can configure
`config.raise_errors_for_deprecations!`, and it will turn the
deprecation warnings into errors, giving you the full backtrace.


15.06.2015 12:24
Commit: 5ac952b Merge branch 'disable-exercises' into integration
----------------
PhantomJS has crashed. Please read the crash reporting guide at https://github.com/ariya/phantomjs/wiki/Crash-Reporting and file a bug report at https://github.com/ariya/phantomjs/issues/new with the crash dump file attached: /tmp/23ea3bb9-5ff3-8dba-037e889a-52d126b4.dmp

Deprecation Warnings:

Using `stub` from rspec-mocks' old `:should` syntax without explicitly enabling the syntax is deprecated. Use the new `:expect` syntax or explicitly enable `:should` instead. Called from /home/tmc/tmc-server/spec/support/remote_sandbox_for_testing.rb:38:in `init_stubs!'.


If you need more of the backtrace for any of these deprecations to
identify where to make the necessary changes, you can configure
`config.raise_errors_for_deprecations!`, and it will turn the
deprecation warnings into errors, giving you the full backtrace.


15.06.2015 15:17
Commit: e782bc0 Merge branch 'soft-deadlines' into integration
----------------
PhantomJS has crashed. Please read the crash reporting guide at https://github.com/ariya/phantomjs/wiki/Crash-Reporting and file a bug report at https://github.com/ariya/phantomjs/issues/new with the crash dump file attached: /tmp/118b6db0-d08a-69f5-06823eba-6fe76c4f.dmp
PhantomJS has crashed. Please read the crash reporting guide at https://github.com/ariya/phantomjs/wiki/Crash-Reporting and file a bug report at https://github.com/ariya/phantomjs/issues/new with the crash dump file attached: /tmp/2d34d400-51cf-7de4-347414a9-10b7e2fb.dmp

Deprecation Warnings:

Using `stub` from rspec-mocks' old `:should` syntax without explicitly enabling the syntax is deprecated. Use the new `:expect` syntax or explicitly enable `:should` instead. Called from /home/tmc/tmc-server/spec/support/remote_sandbox_for_testing.rb:38:in `init_stubs!'.


If you need more of the backtrace for any of these deprecations to
identify where to make the necessary changes, you can configure
`config.raise_errors_for_deprecations!`, and it will turn the
deprecation warnings into errors, giving you the full backtrace.


15.06.2015 16:06
Commit: 0673c1d Merge branch 'teacher-lists-student-emails' into integration
----------------
PhantomJS has crashed. Please read the crash reporting guide at https://github.com/ariya/phantomjs/wiki/Crash-Reporting and file a bug report at https://github.com/ariya/phantomjs/issues/new with the crash dump file attached: /tmp/571ac827-3971-b52f-5cfbf474-45654b6d.dmp

Deprecation Warnings:

Using `stub` from rspec-mocks' old `:should` syntax without explicitly enabling the syntax is deprecated. Use the new `:expect` syntax or explicitly enable `:should` instead. Called from /home/tmc/tmc-server/spec/support/remote_sandbox_for_testing.rb:38:in `init_stubs!'.


If you need more of the backtrace for any of these deprecations to
identify where to make the necessary changes, you can configure
`config.raise_errors_for_deprecations!`, and it will turn the
deprecation warnings into errors, giving you the full backtrace.


16.06.2015 10:55
Commit: 0a2886b Merge branch 'soft-deadlines' into integration
----------------
PhantomJS has crashed. Please read the crash reporting guide at https://github.com/ariya/phantomjs/wiki/Crash-Reporting and file a bug report at https://github.com/ariya/phantomjs/issues/new with the crash dump file attached: /tmp/252cc01a-4097-13c4-4c3807b7-057b4836.dmp

Deprecation Warnings:

Using `stub` from rspec-mocks' old `:should` syntax without explicitly enabling the syntax is deprecated. Use the new `:expect` syntax or explicitly enable `:should` instead. Called from /home/tmc/tmc-server/spec/support/remote_sandbox_for_testing.rb:38:in `init_stubs!'.


If you need more of the backtrace for any of these deprecations to
identify where to make the necessary changes, you can configure
`config.raise_errors_for_deprecations!`, and it will turn the
deprecation warnings into errors, giving you the full backtrace.


16.06.2015 16:31
Commit: f906b40 Merge branch 'user-manual-update' into integration
----------------

Deprecation Warnings:

Using `stub` from rspec-mocks' old `:should` syntax without explicitly enabling the syntax is deprecated. Use the new `:expect` syntax or explicitly enable `:should` instead. Called from /home/tmc/tmc-server/spec/support/remote_sandbox_for_testing.rb:38:in `init_stubs!'.


If you need more of the backtrace for any of these deprecations to
identify where to make the necessary changes, you can configure
`config.raise_errors_for_deprecations!`, and it will turn the
deprecation warnings into errors, giving you the full backtrace.


17.06.2015 09:11
Commit: f0870f5 Merge branch 'admin-features-to-teacher' into integration
----------------
PhantomJS has crashed. Please read the crash reporting guide at https://github.com/ariya/phantomjs/wiki/Crash-Reporting and file a bug report at https://github.com/ariya/phantomjs/issues/new with the crash dump file attached: /tmp/7d523e7a-19fd-0710-4101c7ca-52c9c165.dmp
PhantomJS has crashed. Please read the crash reporting guide at https://github.com/ariya/phantomjs/wiki/Crash-Reporting and file a bug report at https://github.com/ariya/phantomjs/issues/new with the crash dump file attached: /tmp/10724618-ff87-dd3a-2ccfcba1-5695af73.dmp

Deprecation Warnings:

Using `stub` from rspec-mocks' old `:should` syntax without explicitly enabling the syntax is deprecated. Use the new `:expect` syntax or explicitly enable `:should` instead. Called from /home/tmc/tmc-server/spec/support/remote_sandbox_for_testing.rb:38:in `init_stubs!'.


If you need more of the backtrace for any of these deprecations to
identify where to make the necessary changes, you can configure
`config.raise_errors_for_deprecations!`, and it will turn the
deprecation warnings into errors, giving you the full backtrace.


17.06.2015 14:57
Commit: 5a1c6d0 fixed usermanual spec
----------------

Deprecation Warnings:

Using `stub` from rspec-mocks' old `:should` syntax without explicitly enabling the syntax is deprecated. Use the new `:expect` syntax or explicitly enable `:should` instead. Called from /home/tmc/tmc-server/spec/support/remote_sandbox_for_testing.rb:38:in `init_stubs!'.


If you need more of the backtrace for any of these deprecations to
identify where to make the necessary changes, you can configure
`config.raise_errors_for_deprecations!`, and it will turn the
deprecation warnings into errors, giving you the full backtrace.


17.06.2015 15:53
Commit: 352d33b Merge branch 'course-assistants' into integration
----------------
PhantomJS has crashed. Please read the crash reporting guide at https://github.com/ariya/phantomjs/wiki/Crash-Reporting and file a bug report at https://github.com/ariya/phantomjs/issues/new with the crash dump file attached: /tmp/214e5364-b6b6-2704-74c48757-4cc69f5a.dmp

Deprecation Warnings:

Using `stub` from rspec-mocks' old `:should` syntax without explicitly enabling the syntax is deprecated. Use the new `:expect` syntax or explicitly enable `:should` instead. Called from /home/tmc/tmc-server/spec/support/remote_sandbox_for_testing.rb:38:in `init_stubs!'.


If you need more of the backtrace for any of these deprecations to
identify where to make the necessary changes, you can configure
`config.raise_errors_for_deprecations!`, and it will turn the
deprecation warnings into errors, giving you the full backtrace.


17.06.2015 16:44
Commit: f92251b Merge branch 'deadline-for-single-exercise' into integration
----------------

Deprecation Warnings:

Using `stub` from rspec-mocks' old `:should` syntax without explicitly enabling the syntax is deprecated. Use the new `:expect` syntax or explicitly enable `:should` instead. Called from /home/tmc/tmc-server/spec/support/remote_sandbox_for_testing.rb:38:in `init_stubs!'.


If you need more of the backtrace for any of these deprecations to
identify where to make the necessary changes, you can configure
`config.raise_errors_for_deprecations!`, and it will turn the
deprecation warnings into errors, giving you the full backtrace.


18.06.2015 10:22
Commit: 582e8c7 fixed course visibility
----------------

Deprecation Warnings:

Using `stub` from rspec-mocks' old `:should` syntax without explicitly enabling the syntax is deprecated. Use the new `:expect` syntax or explicitly enable `:should` instead. Called from /home/tmc/tmc-server/spec/support/remote_sandbox_for_testing.rb:38:in `init_stubs!'.


If you need more of the backtrace for any of these deprecations to
identify where to make the necessary changes, you can configure
`config.raise_errors_for_deprecations!`, and it will turn the
deprecation warnings into errors, giving you the full backtrace.


18.06.2015 13:46
Commit: 256afc7 Merge branch 'deadline-for-single-exercise' into integration
----------------
PhantomJS has crashed. Please read the crash reporting guide at https://github.com/ariya/phantomjs/wiki/Crash-Reporting and file a bug report at https://github.com/ariya/phantomjs/issues/new with the crash dump file attached: /tmp/6077d2b5-c071-4e35-2f38add3-1f8b197a.dmp

Deprecation Warnings:

Using `stub` from rspec-mocks' old `:should` syntax without explicitly enabling the syntax is deprecated. Use the new `:expect` syntax or explicitly enable `:should` instead. Called from /home/tmc/tmc-server/spec/support/remote_sandbox_for_testing.rb:38:in `init_stubs!'.


If you need more of the backtrace for any of these deprecations to
identify where to make the necessary changes, you can configure
`config.raise_errors_for_deprecations!`, and it will turn the
deprecation warnings into errors, giving you the full backtrace.


18.06.2015 14:49
Commit: 1644789 Merge branch 'admin-features-to-teacher' into integration
----------------
PhantomJS has crashed. Please read the crash reporting guide at https://github.com/ariya/phantomjs/wiki/Crash-Reporting and file a bug report at https://github.com/ariya/phantomjs/issues/new with the crash dump file attached: /tmp/38f3d8ff-d0ba-54d2-2dc97efe-79630b89.dmp
PhantomJS has crashed. Please read the crash reporting guide at https://github.com/ariya/phantomjs/wiki/Crash-Reporting and file a bug report at https://github.com/ariya/phantomjs/issues/new with the crash dump file attached: /tmp/2d6e404d-5dc8-863b-77b0066c-35f01bf8.dmp

Deprecation Warnings:

Using `stub` from rspec-mocks' old `:should` syntax without explicitly enabling the syntax is deprecated. Use the new `:expect` syntax or explicitly enable `:should` instead. Called from /home/tmc/tmc-server/spec/support/remote_sandbox_for_testing.rb:38:in `init_stubs!'.


If you need more of the backtrace for any of these deprecations to
identify where to make the necessary changes, you can configure
`config.raise_errors_for_deprecations!`, and it will turn the
deprecation warnings into errors, giving you the full backtrace.


18.06.2015 15:18
Commit: 4e8a6d6 Merge branch 'integration' of github.com:TMC-teacher-tools/tmc-server into integration
----------------
PhantomJS has crashed. Please read the crash reporting guide at https://github.com/ariya/phantomjs/wiki/Crash-Reporting and file a bug report at https://github.com/ariya/phantomjs/issues/new with the crash dump file attached: /tmp/1c81a0fc-9f5a-2361-40318573-396e4125.dmp

Deprecation Warnings:

Using `stub` from rspec-mocks' old `:should` syntax without explicitly enabling the syntax is deprecated. Use the new `:expect` syntax or explicitly enable `:should` instead. Called from /home/tmc/tmc-server/spec/support/remote_sandbox_for_testing.rb:38:in `init_stubs!'.


If you need more of the backtrace for any of these deprecations to
identify where to make the necessary changes, you can configure
`config.raise_errors_for_deprecations!`, and it will turn the
deprecation warnings into errors, giving you the full backtrace.


18.06.2015 16:05
Commit: 303eaaa Update course.rb
----------------
PhantomJS has crashed. Please read the crash reporting guide at https://github.com/ariya/phantomjs/wiki/Crash-Reporting and file a bug report at https://github.com/ariya/phantomjs/issues/new with the crash dump file attached: /tmp/439442fb-687c-3a60-127614a5-0b18d7b4.dmp
PhantomJS has crashed. Please read the crash reporting guide at https://github.com/ariya/phantomjs/wiki/Crash-Reporting and file a bug report at https://github.com/ariya/phantomjs/issues/new with the crash dump file attached: /tmp/7d2bb771-9598-6c2f-23962e05-72f113cb.dmp

Deprecation Warnings:

Using `stub` from rspec-mocks' old `:should` syntax without explicitly enabling the syntax is deprecated. Use the new `:expect` syntax or explicitly enable `:should` instead. Called from /home/tmc/tmc-server/spec/support/remote_sandbox_for_testing.rb:38:in `init_stubs!'.


If you need more of the backtrace for any of these deprecations to
identify where to make the necessary changes, you can configure
`config.raise_errors_for_deprecations!`, and it will turn the
deprecation warnings into errors, giving you the full backtrace.


22.06.2015 12:55
Commit: fec2c9d clean schema
----------------
PhantomJS has crashed. Please read the crash reporting guide at https://github.com/ariya/phantomjs/wiki/Crash-Reporting and file a bug report at https://github.com/ariya/phantomjs/issues/new with the crash dump file attached: /tmp/7c7dbbc1-be94-d7d3-67b0234b-26285e57.dmp
PhantomJS has crashed. Please read the crash reporting guide at https://github.com/ariya/phantomjs/wiki/Crash-Reporting and file a bug report at https://github.com/ariya/phantomjs/issues/new with the crash dump file attached: /tmp/317c0a36-88a1-428a-642218da-40b29668.dmp
PhantomJS has crashed. Please read the crash reporting guide at https://github.com/ariya/phantomjs/wiki/Crash-Reporting and file a bug report at https://github.com/ariya/phantomjs/issues/new with the crash dump file attached: /tmp/7718b3e4-ef66-bdfa-69193cdf-346b5ec1.dmp

Deprecation Warnings:

Using `stub` from rspec-mocks' old `:should` syntax without explicitly enabling the syntax is deprecated. Use the new `:expect` syntax or explicitly enable `:should` instead. Called from /home/tmc/tmc-server/spec/support/remote_sandbox_for_testing.rb:38:in `init_stubs!'.


If you need more of the backtrace for any of these deprecations to
identify where to make the necessary changes, you can configure
`config.raise_errors_for_deprecations!`, and it will turn the
deprecation warnings into errors, giving you the full backtrace.


23.06.2015 11:56
Commit: ab556fb Merge branch 'small-fixes' into integration
----------------

Deprecation Warnings:

Using `stub` from rspec-mocks' old `:should` syntax without explicitly enabling the syntax is deprecated. Use the new `:expect` syntax or explicitly enable `:should` instead. Called from /home/tmc/tmc-server/spec/support/remote_sandbox_for_testing.rb:38:in `init_stubs!'.


If you need more of the backtrace for any of these deprecations to
identify where to make the necessary changes, you can configure
`config.raise_errors_for_deprecations!`, and it will turn the
deprecation warnings into errors, giving you the full backtrace.


24.06.2015 14:40
Commit: 8458a1e Merge branch 'search-organizations' into integration
----------------
PhantomJS has crashed. Please read the crash reporting guide at https://github.com/ariya/phantomjs/wiki/Crash-Reporting and file a bug report at https://github.com/ariya/phantomjs/issues/new with the crash dump file attached: /tmp/701f5dc3-fb68-1761-6d98d770-62efee2a.dmp

Deprecation Warnings:

Using `stub` from rspec-mocks' old `:should` syntax without explicitly enabling the syntax is deprecated. Use the new `:expect` syntax or explicitly enable `:should` instead. Called from /home/tmc/tmc-server/spec/support/remote_sandbox_for_testing.rb:38:in `init_stubs!'.


If you need more of the backtrace for any of these deprecations to
identify where to make the necessary changes, you can configure
`config.raise_errors_for_deprecations!`, and it will turn the
deprecation warnings into errors, giving you the full backtrace.


24.06.2015 15:34
Commit: 176e882 Merge branch 'factory-course-templates-use-local-repo' into integration
----------------
PhantomJS has crashed. Please read the crash reporting guide at https://github.com/ariya/phantomjs/wiki/Crash-Reporting and file a bug report at https://github.com/ariya/phantomjs/issues/new with the crash dump file attached: /tmp/735991f5-a90b-633a-6fcd7668-7c7c287c.dmp
PhantomJS has crashed. Please read the crash reporting guide at https://github.com/ariya/phantomjs/wiki/Crash-Reporting and file a bug report at https://github.com/ariya/phantomjs/issues/new with the crash dump file attached: /tmp/646dc1c5-a541-919e-7c20ae57-142277a8.dmp
PhantomJS has crashed. Please read the crash reporting guide at https://github.com/ariya/phantomjs/wiki/Crash-Reporting and file a bug report at https://github.com/ariya/phantomjs/issues/new with the crash dump file attached: /tmp/5d3eb819-c3c9-ac91-38b1206e-6c7b992e.dmp

Deprecation Warnings:

Using `stub` from rspec-mocks' old `:should` syntax without explicitly enabling the syntax is deprecated. Use the new `:expect` syntax or explicitly enable `:should` instead. Called from /home/tmc/tmc-server/spec/support/remote_sandbox_for_testing.rb:38:in `init_stubs!'.


If you need more of the backtrace for any of these deprecations to
identify where to make the necessary changes, you can configure
`config.raise_errors_for_deprecations!`, and it will turn the
deprecation warnings into errors, giving you the full backtrace.


25.06.2015 10:10
Commit: e53c179 Merge branch 'admin-features-to-teacher' into integration
----------------
PhantomJS has crashed. Please read the crash reporting guide at https://github.com/ariya/phantomjs/wiki/Crash-Reporting and file a bug report at https://github.com/ariya/phantomjs/issues/new with the crash dump file attached: /tmp/08719089-72fd-c625-65cd4f31-22a274fb.dmp

Deprecation Warnings:

Using `stub` from rspec-mocks' old `:should` syntax without explicitly enabling the syntax is deprecated. Use the new `:expect` syntax or explicitly enable `:should` instead. Called from /home/tmc/tmc-server/spec/support/remote_sandbox_for_testing.rb:38:in `init_stubs!'.


If you need more of the backtrace for any of these deprecations to
identify where to make the necessary changes, you can configure
`config.raise_errors_for_deprecations!`, and it will turn the
deprecation warnings into errors, giving you the full backtrace.


25.06.2015 13:53
Commit: ab83e9b Merge branch 'search-organizations' into integration
----------------

Deprecation Warnings:

Using `stub` from rspec-mocks' old `:should` syntax without explicitly enabling the syntax is deprecated. Use the new `:expect` syntax or explicitly enable `:should` instead. Called from /home/tmc/tmc-server/spec/support/remote_sandbox_for_testing.rb:38:in `init_stubs!'.


If you need more of the backtrace for any of these deprecations to
identify where to make the necessary changes, you can configure
`config.raise_errors_for_deprecations!`, and it will turn the
deprecation warnings into errors, giving you the full backtrace.


26.06.2015 13:18
Commit: 800dbcd breadcrumbs for exercise and assistant management
----------------
PhantomJS has crashed. Please read the crash reporting guide at https://github.com/ariya/phantomjs/wiki/Crash-Reporting and file a bug report at https://github.com/ariya/phantomjs/issues/new with the crash dump file attached: /tmp/688442c7-89fa-fb7b-2ab1b8cd-0dacafe3.dmp
PhantomJS has crashed. Please read the crash reporting guide at https://github.com/ariya/phantomjs/wiki/Crash-Reporting and file a bug report at https://github.com/ariya/phantomjs/issues/new with the crash dump file attached: /tmp/5f01ca5a-de77-1e4d-206e8927-32468bb4.dmp
PhantomJS has crashed. Please read the crash reporting guide at https://github.com/ariya/phantomjs/wiki/Crash-Reporting and file a bug report at https://github.com/ariya/phantomjs/issues/new with the crash dump file attached: /tmp/568e3461-f8a4-f4df-386626b7-5a5fdbfe.dmp
PhantomJS has crashed. Please read the crash reporting guide at https://github.com/ariya/phantomjs/wiki/Crash-Reporting and file a bug report at https://github.com/ariya/phantomjs/issues/new with the crash dump file attached: /tmp/20a1fc82-3ddb-0508-04ac2837-17bfc251.dmp

Deprecation Warnings:

Using `stub` from rspec-mocks' old `:should` syntax without explicitly enabling the syntax is deprecated. Use the new `:expect` syntax or explicitly enable `:should` instead. Called from /home/tmc/tmc-server/spec/support/remote_sandbox_for_testing.rb:38:in `init_stubs!'.


If you need more of the backtrace for any of these deprecations to
identify where to make the necessary changes, you can configure
`config.raise_errors_for_deprecations!`, and it will turn the
deprecation warnings into errors, giving you the full backtrace.


26.06.2015 20:45
Commit: 9383c9b fixing username for nil in 16 integration tests
----------------

Deprecation Warnings:

Using `stub` from rspec-mocks' old `:should` syntax without explicitly enabling the syntax is deprecated. Use the new `:expect` syntax or explicitly enable `:should` instead. Called from /home/tmc/tmc-server/spec/support/remote_sandbox_for_testing.rb:38:in `init_stubs!'.


If you need more of the backtrace for any of these deprecations to
identify where to make the necessary changes, you can configure
`config.raise_errors_for_deprecations!`, and it will turn the
deprecation warnings into errors, giving you the full backtrace.


29.06.2015 08:33
Commit: 3599fbb Merge branch 'TMC-teacher-tools-remove-teacher-assistant' into tmc-teacher-tools
----------------

Deprecation Warnings:

Using `stub` from rspec-mocks' old `:should` syntax without explicitly enabling the syntax is deprecated. Use the new `:expect` syntax or explicitly enable `:should` instead. Called from /home/tmc/tmc-server/spec/support/remote_sandbox_for_testing.rb:38:in `init_stubs!'.


If you need more of the backtrace for any of these deprecations to
identify where to make the necessary changes, you can configure
`config.raise_errors_for_deprecations!`, and it will turn the
deprecation warnings into errors, giving you the full backtrace.


29.06.2015 15:42
Commit: 15919ce Merge remote-tracking branch 'upstream/tmc-teacher-tools' into course-from-own-repository
----------------

Deprecation Warnings:

Using `stub` from rspec-mocks' old `:should` syntax without explicitly enabling the syntax is deprecated. Use the new `:expect` syntax or explicitly enable `:should` instead. Called from /home/tmc/tmc-server/spec/support/remote_sandbox_for_testing.rb:38:in `init_stubs!'.


If you need more of the backtrace for any of these deprecations to
identify where to make the necessary changes, you can configure
`config.raise_errors_for_deprecations!`, and it will turn the
deprecation warnings into errors, giving you the full backtrace.


30.06.2015 11:33
Commit: a2d8905 fixing teachers usermanual
----------------

Deprecation Warnings:

Using `stub` from rspec-mocks' old `:should` syntax without explicitly enabling the syntax is deprecated. Use the new `:expect` syntax or explicitly enable `:should` instead. Called from /home/tmc/tmc-server/spec/support/remote_sandbox_for_testing.rb:38:in `init_stubs!'.


If you need more of the backtrace for any of these deprecations to
identify where to make the necessary changes, you can configure
`config.raise_errors_for_deprecations!`, and it will turn the
deprecation warnings into errors, giving you the full backtrace.


30.06.2015 13:32
Commit: 599e793 fix on integration_test_action.rb by adding 2nd click
----------------

Deprecation Warnings:

Using `stub` from rspec-mocks' old `:should` syntax without explicitly enabling the syntax is deprecated. Use the new `:expect` syntax or explicitly enable `:should` instead. Called from /home/tmc/tmc-server/spec/support/remote_sandbox_for_testing.rb:38:in `init_stubs!'.


If you need more of the backtrace for any of these deprecations to
identify where to make the necessary changes, you can configure
`config.raise_errors_for_deprecations!`, and it will turn the
deprecation warnings into errors, giving you the full backtrace.


30.06.2015 18:32
Commit: 2cfd195 Merge remote-tracking branch 'origin/course-from-own-repository-2' into hide-organization
----------------

Deprecation Warnings:

Using `stub` from rspec-mocks' old `:should` syntax without explicitly enabling the syntax is deprecated. Use the new `:expect` syntax or explicitly enable `:should` instead. Called from /home/tmc/tmc-server/spec/support/remote_sandbox_for_testing.rb:38:in `init_stubs!'.


If you need more of the backtrace for any of these deprecations to
identify where to make the necessary changes, you can configure
`config.raise_errors_for_deprecations!`, and it will turn the
deprecation warnings into errors, giving you the full backtrace.


01.07.2015 12:23
Commit: 83480cf Merge branch 'multiple-unlock-conditions' into integration
----------------

Deprecation Warnings:

Using `stub` from rspec-mocks' old `:should` syntax without explicitly enabling the syntax is deprecated. Use the new `:expect` syntax or explicitly enable `:should` instead. Called from /home/tmc/tmc-server/spec/support/remote_sandbox_for_testing.rb:38:in `init_stubs!'.


If you need more of the backtrace for any of these deprecations to
identify where to make the necessary changes, you can configure
`config.raise_errors_for_deprecations!`, and it will turn the
deprecation warnings into errors, giving you the full backtrace.


02.07.2015 10:13
Commit: 5f6325a permission for teacher to edit organization and tests
----------------
/usr/local/rvm/gems/ruby-2.2.0/gems/bundler-1.9.9/lib/bundler/resolver.rb:328:in `block in verify_gemfile_dependencies_are_found!': Could not find gem 'mimemagic (~> 0.3.0) ruby' in any of the gem sources listed in your Gemfile or installed on this machine. (Bundler::GemNotFound)
	from /usr/local/rvm/gems/ruby-2.2.0/gems/bundler-1.9.9/lib/bundler/resolver.rb:307:in `each'
	from /usr/local/rvm/gems/ruby-2.2.0/gems/bundler-1.9.9/lib/bundler/resolver.rb:307:in `verify_gemfile_dependencies_are_found!'
	from /usr/local/rvm/gems/ruby-2.2.0/gems/bundler-1.9.9/lib/bundler/resolver.rb:199:in `start'
	from /usr/local/rvm/gems/ruby-2.2.0/gems/bundler-1.9.9/lib/bundler/resolver.rb:182:in `resolve'
	from /usr/local/rvm/gems/ruby-2.2.0/gems/bundler-1.9.9/lib/bundler/definition.rb:192:in `resolve'
	from /usr/local/rvm/gems/ruby-2.2.0/gems/bundler-1.9.9/lib/bundler/definition.rb:132:in `specs'
	from /usr/local/rvm/gems/ruby-2.2.0/gems/bundler-1.9.9/lib/bundler/definition.rb:177:in `specs_for'
	from /usr/local/rvm/gems/ruby-2.2.0/gems/bundler-1.9.9/lib/bundler/definition.rb:166:in `requested_specs'
	from /usr/local/rvm/gems/ruby-2.2.0/gems/bundler-1.9.9/lib/bundler/environment.rb:18:in `requested_specs'
	from /usr/local/rvm/gems/ruby-2.2.0/gems/bundler-1.9.9/lib/bundler/runtime.rb:13:in `setup'
	from /usr/local/rvm/gems/ruby-2.2.0/gems/bundler-1.9.9/lib/bundler.rb:122:in `setup'
	from /usr/local/rvm/gems/ruby-2.2.0/gems/bundler-1.9.9/lib/bundler/setup.rb:18:in `<top (required)>'
	from /usr/local/rvm/rubies/ruby-2.2.0/lib/ruby/site_ruby/2.2.0/rubygems/core_ext/kernel_require.rb:54:in `require'
	from /usr/local/rvm/rubies/ruby-2.2.0/lib/ruby/site_ruby/2.2.0/rubygems/core_ext/kernel_require.rb:54:in `require'
	from /home/tmc/tmc-server/config/boot.rb:4:in `<top (required)>'
	from /usr/local/rvm/rubies/ruby-2.2.0/lib/ruby/site_ruby/2.2.0/rubygems/core_ext/kernel_require.rb:54:in `require'
	from /usr/local/rvm/rubies/ruby-2.2.0/lib/ruby/site_ruby/2.2.0/rubygems/core_ext/kernel_require.rb:54:in `require'
	from /home/tmc/tmc-server/config/application.rb:1:in `<top (required)>'
	from /usr/local/rvm/rubies/ruby-2.2.0/lib/ruby/site_ruby/2.2.0/rubygems/core_ext/kernel_require.rb:54:in `require'
	from /usr/local/rvm/rubies/ruby-2.2.0/lib/ruby/site_ruby/2.2.0/rubygems/core_ext/kernel_require.rb:54:in `require'
	from /home/tmc/tmc-server/config/environment.rb:2:in `<top (required)>'
	from /usr/local/rvm/rubies/ruby-2.2.0/lib/ruby/site_ruby/2.2.0/rubygems/core_ext/kernel_require.rb:54:in `require'
	from /usr/local/rvm/rubies/ruby-2.2.0/lib/ruby/site_ruby/2.2.0/rubygems/core_ext/kernel_require.rb:54:in `require'
	from /home/tmc/tmc-server/spec/spec_helper.rb:3:in `<top (required)>'
	from /usr/local/rvm/rubies/ruby-2.2.0/lib/ruby/site_ruby/2.2.0/rubygems/core_ext/kernel_require.rb:54:in `require'
	from /usr/local/rvm/rubies/ruby-2.2.0/lib/ruby/site_ruby/2.2.0/rubygems/core_ext/kernel_require.rb:54:in `require'
	from /home/tmc/tmc-server/spec/controllers/assistants_controller_spec.rb:1:in `<top (required)>'
	from /usr/local/rvm/gems/ruby-2.2.0/gems/rspec-core-3.1.7/lib/rspec/core/configuration.rb:1105:in `load'
	from /usr/local/rvm/gems/ruby-2.2.0/gems/rspec-core-3.1.7/lib/rspec/core/configuration.rb:1105:in `block in load_spec_files'
	from /usr/local/rvm/gems/ruby-2.2.0/gems/rspec-core-3.1.7/lib/rspec/core/configuration.rb:1105:in `each'
	from /usr/local/rvm/gems/ruby-2.2.0/gems/rspec-core-3.1.7/lib/rspec/core/configuration.rb:1105:in `load_spec_files'
	from /usr/local/rvm/gems/ruby-2.2.0/gems/rspec-core-3.1.7/lib/rspec/core/runner.rb:96:in `setup'
	from /usr/local/rvm/gems/ruby-2.2.0/gems/rspec-core-3.1.7/lib/rspec/core/runner.rb:84:in `run'
	from /usr/local/rvm/gems/ruby-2.2.0/gems/rspec-core-3.1.7/lib/rspec/core/runner.rb:69:in `run'
	from /usr/local/rvm/gems/ruby-2.2.0/gems/rspec-core-3.1.7/lib/rspec/core/runner.rb:37:in `invoke'
	from /usr/local/rvm/gems/ruby-2.2.0/gems/rspec-core-3.1.7/exe/rspec:4:in `<top (required)>'
	from /usr/local/rvm/gems/ruby-2.2.0/bin/rspec:23:in `load'
	from /usr/local/rvm/gems/ruby-2.2.0/bin/rspec:23:in `<main>'
	from /usr/local/rvm/gems/ruby-2.2.0/bin/ruby_executable_hooks:15:in `eval'
	from /usr/local/rvm/gems/ruby-2.2.0/bin/ruby_executable_hooks:15:in `<main>'


02.07.2015 10:28
Commit: 5d517c7 Genfile.lock was not sync with Gemfile
----------------
/usr/local/rvm/gems/ruby-2.2.0/gems/bundler-1.9.9/lib/bundler/spec_set.rb:92:in `block in materialize': Could not find climate_control-0.0.3 in any of the sources (Bundler::GemNotFound)
	from /usr/local/rvm/gems/ruby-2.2.0/gems/bundler-1.9.9/lib/bundler/spec_set.rb:85:in `map!'
	from /usr/local/rvm/gems/ruby-2.2.0/gems/bundler-1.9.9/lib/bundler/spec_set.rb:85:in `materialize'
	from /usr/local/rvm/gems/ruby-2.2.0/gems/bundler-1.9.9/lib/bundler/definition.rb:132:in `specs'
	from /usr/local/rvm/gems/ruby-2.2.0/gems/bundler-1.9.9/lib/bundler/definition.rb:177:in `specs_for'
	from /usr/local/rvm/gems/ruby-2.2.0/gems/bundler-1.9.9/lib/bundler/definition.rb:166:in `requested_specs'
	from /usr/local/rvm/gems/ruby-2.2.0/gems/bundler-1.9.9/lib/bundler/environment.rb:18:in `requested_specs'
	from /usr/local/rvm/gems/ruby-2.2.0/gems/bundler-1.9.9/lib/bundler/runtime.rb:13:in `setup'
	from /usr/local/rvm/gems/ruby-2.2.0/gems/bundler-1.9.9/lib/bundler.rb:122:in `setup'
	from /usr/local/rvm/gems/ruby-2.2.0/gems/bundler-1.9.9/lib/bundler/setup.rb:18:in `<top (required)>'
	from /usr/local/rvm/rubies/ruby-2.2.0/lib/ruby/site_ruby/2.2.0/rubygems/core_ext/kernel_require.rb:54:in `require'
	from /usr/local/rvm/rubies/ruby-2.2.0/lib/ruby/site_ruby/2.2.0/rubygems/core_ext/kernel_require.rb:54:in `require'
	from /home/tmc/tmc-server/config/boot.rb:4:in `<top (required)>'
	from /usr/local/rvm/rubies/ruby-2.2.0/lib/ruby/site_ruby/2.2.0/rubygems/core_ext/kernel_require.rb:54:in `require'
	from /usr/local/rvm/rubies/ruby-2.2.0/lib/ruby/site_ruby/2.2.0/rubygems/core_ext/kernel_require.rb:54:in `require'
	from /home/tmc/tmc-server/config/application.rb:1:in `<top (required)>'
	from /usr/local/rvm/rubies/ruby-2.2.0/lib/ruby/site_ruby/2.2.0/rubygems/core_ext/kernel_require.rb:54:in `require'
	from /usr/local/rvm/rubies/ruby-2.2.0/lib/ruby/site_ruby/2.2.0/rubygems/core_ext/kernel_require.rb:54:in `require'
	from /home/tmc/tmc-server/config/environment.rb:2:in `<top (required)>'
	from /usr/local/rvm/rubies/ruby-2.2.0/lib/ruby/site_ruby/2.2.0/rubygems/core_ext/kernel_require.rb:54:in `require'
	from /usr/local/rvm/rubies/ruby-2.2.0/lib/ruby/site_ruby/2.2.0/rubygems/core_ext/kernel_require.rb:54:in `require'
	from /home/tmc/tmc-server/spec/spec_helper.rb:3:in `<top (required)>'
	from /usr/local/rvm/rubies/ruby-2.2.0/lib/ruby/site_ruby/2.2.0/rubygems/core_ext/kernel_require.rb:54:in `require'
	from /usr/local/rvm/rubies/ruby-2.2.0/lib/ruby/site_ruby/2.2.0/rubygems/core_ext/kernel_require.rb:54:in `require'
	from /home/tmc/tmc-server/spec/controllers/assistants_controller_spec.rb:1:in `<top (required)>'
	from /usr/local/rvm/gems/ruby-2.2.0/gems/rspec-core-3.1.7/lib/rspec/core/configuration.rb:1105:in `load'
	from /usr/local/rvm/gems/ruby-2.2.0/gems/rspec-core-3.1.7/lib/rspec/core/configuration.rb:1105:in `block in load_spec_files'
	from /usr/local/rvm/gems/ruby-2.2.0/gems/rspec-core-3.1.7/lib/rspec/core/configuration.rb:1105:in `each'
	from /usr/local/rvm/gems/ruby-2.2.0/gems/rspec-core-3.1.7/lib/rspec/core/configuration.rb:1105:in `load_spec_files'
	from /usr/local/rvm/gems/ruby-2.2.0/gems/rspec-core-3.1.7/lib/rspec/core/runner.rb:96:in `setup'
	from /usr/local/rvm/gems/ruby-2.2.0/gems/rspec-core-3.1.7/lib/rspec/core/runner.rb:84:in `run'
	from /usr/local/rvm/gems/ruby-2.2.0/gems/rspec-core-3.1.7/lib/rspec/core/runner.rb:69:in `run'
	from /usr/local/rvm/gems/ruby-2.2.0/gems/rspec-core-3.1.7/lib/rspec/core/runner.rb:37:in `invoke'
	from /usr/local/rvm/gems/ruby-2.2.0/gems/rspec-core-3.1.7/exe/rspec:4:in `<top (required)>'
	from /usr/local/rvm/gems/ruby-2.2.0/bin/rspec:23:in `load'
	from /usr/local/rvm/gems/ruby-2.2.0/bin/rspec:23:in `<main>'
	from /usr/local/rvm/gems/ruby-2.2.0/bin/ruby_executable_hooks:15:in `eval'
	from /usr/local/rvm/gems/ruby-2.2.0/bin/ruby_executable_hooks:15:in `<main>'


02.07.2015 10:55
Commit: 5d517c7 Genfile.lock was not sync with Gemfile
----------------

Deprecation Warnings:

Using `stub` from rspec-mocks' old `:should` syntax without explicitly enabling the syntax is deprecated. Use the new `:expect` syntax or explicitly enable `:should` instead. Called from /home/tmc/tmc-server/spec/support/remote_sandbox_for_testing.rb:38:in `init_stubs!'.


If you need more of the backtrace for any of these deprecations to
identify where to make the necessary changes, you can configure
`config.raise_errors_for_deprecations!`, and it will turn the
deprecation warnings into errors, giving you the full backtrace.
